0 verbose cli /data/data/com.termux/files/usr/bin/node /data/data/com.termux/files/usr/bin/npm
1 info using npm@11.17.0
2 info using node@v26.3.1
3 silly config load:file:/data/data/com.termux/files/usr/lib/node_modules/npm/npmrc
4 silly config load:file:/data/data/com.termux/files/home/ai-passport-legal-advisor/.npmrc
5 silly config load:file:/data/data/com.termux/files/home/.npmrc
6 silly config load:file:/data/data/com.termux/files/usr/etc/npmrc
7 verbose title npm install
8 verbose argv "install"
9 verbose logfile logs-max:10 dir:/data/data/com.termux/files/home/.npm/_logs/2026-10-02T06_29_24_447Z-
10 verbose logfile /data/data/com.termux/files/home/.npm/_logs/2026-10-02T06_29_24_447Z-debug-0.log
11 silly logfile done cleaning log files
12 silly allow-scripts no package.json at prefix Could not read package.json: Error: ENOENT: no such file or directory, open '/data/data/com.termux/files/home/ai-passport-legal-advisor/package.json'
13 silly packumentCache heap:1040711680 maxSize:260177920 maxEntrySize:130088960
14 silly idealTree buildDeps
15 silly reify moves {}
16 verbose stack Error: Could not read package.json: Error: ENOENT: no such file or directory, open '/data/data/com.termux/files/home/ai-passport-legal-advisor/package.json'
16 verbose stack     at async open (node:internal/fs/promises:1287:25)
16 verbose stack     at async readFile (node:internal/fs/promises:1938:14)
16 verbose stack     at async read (/data/data/com.termux/files/usr/lib/node_modules/npm/node_modules/@npmcli/package-json/lib/read-package.js:9:18)
16 verbose stack     at async PackageJson.load (/data/data/com.termux/files/usr/lib/node_modules/npm/node_modules/@npmcli/package-json/lib/index.js:131:31)
16 verbose stack     at async PackageJson.normalize (/data/data/com.termux/files/usr/lib/node_modules/npm/node_modules/@npmcli/package-json/lib/index.js:117:5)
16 verbose stack     at async runScript (/data/data/com.termux/files/usr/lib/node_modules/npm/node_modules/@npmcli/run-script/lib/run-script.js:11:28)
16 verbose stack     at async Install.exec (/data/data/com.termux/files/usr/lib/node_modules/npm/lib/commands/install.js:171:9)
16 verbose stack     at async Npm.exec (/data/data/com.termux/files/usr/lib/node_modules/npm/lib/npm.js:193:9)
16 verbose stack     at async module.exports (/data/data/com.termux/files/usr/lib/node_modules/npm/lib/cli/entry.js:67:5)
17 error code ENOENT
18 error syscall open
19 error path /data/data/com.termux/files/home/ai-passport-legal-advisor/package.json
20 error errno -2
21 error enoent Could not read package.json: Error: ENOENT: no such file or directory, open '/data/data/com.termux/files/home/ai-passport-legal-advisor/package.json'
22 error enoent This is related to npm not being able to find a file.
22 error enoent
23 verbose cwd /data/data/com.termux/files/home/ai-passport-legal-advisor
24 verbose os Linux 6.6.89-android15-8-abA146PXXSIEZF3-4k
25 verbose node v26.3.1
26 verbose npm  v11.17.0
27 verbose exit -2
28 verbose code -2
29 error A complete log of this run can be found in: /data/data/com.termux/files/home/.npm/_logs/2026-10-02T06_29_24_447Z-debug-0.log
